// Jest Snapshot v1, https://goo.gl/fbAQLP

exports[`Counter Component should match snapshot 1`] = `ReactWrapper {}`;
